============================= test session starts =============================
platform win32 -- Python 3.10.18, pytest-8.4.2, pluggy-1.6.0 -- C:\Users\Oxidane\Documents\projects\New folder\.venv\Scripts\python.exe
cachedir: .pytest_cache
rootdir: C:\Users\Oxidane\Documents\projects\New folder
configfile: pyproject.toml
plugins: anyio-4.11.0, asyncio-1.2.0, mock-3.15.1, timeout-2.4.0
asyncio: mode=strict, debug=False, asyncio_default_fixture_loop_scope=None, asyncio_default_test_loop_scope=function
collecting ... collected 131 items

tests/test_basic_functionality.py::test_basic_imports PASSED             [  0%]
tests/test_basic_functionality.py::test_di_container_creation PASSED     [  1%]
tests/test_basic_functionality.py::test_event_system PASSED              [  2%]
tests/test_basic_functionality.py::test_config_loading PASSED            [  3%]
tests/test_basic_functionality.py::test_audio_service_mock PASSED        [  3%]
tests/test_basic_functionality.py::test_whisper_service_mock PASSED      [  4%]
tests/test_basic_functionality.py::test_state_management PASSED          [  5%]
tests/test_basic_functionality.py::test_recording_overlay_creation 